C:\Users\bichi\OneDrive\Escritorio\2023 ELVIENTODENOVIEMBRE.COM\mitad-movil.jpg
C:\Users\bichi\OneDrive\Escritorio\2023 ELVIENTODENOVIEMBRE.COM\mitad-movil.jpg
C:\Users\bichi\OneDrive\Escritorio\2023 ELVIENTODENOVIEMBRE.COM\mitad-movil.jpg
C:\Users\bichi\OneDrive\Escritorio\2023 ELVIENTODENOVIEMBRE.COM\mitad-movil2.jpg
C:\Users\bichi\OneDrive\Escritorio\2023 ELVIENTODENOVIEMBRE.COM\mitad-movil.jpg
C:\Users\bichi\OneDrive\Escritorio\2023 ELVIENTODENOVIEMBRE.COM\mitad-movil3-peqductig.jpg
C:\Users\bichi\OneDrive\Escritorio\2023 ELVIENTODENOVIEMBRE.COM\mitad-movil3-peqductig.jpg
C:\Users\bichi\OneDrive\Escritorio\2023 ELVIENTODENOVIEMBRE.COM\mitad-movil3-peqductig.jpg
C:\Users\bichi\OneDrive\Escritorio\2023 ELVIENTODENOVIEMBRE.COM\mitad-movil3-peqductig.jpg
C:\Users\bichi\OneDrive\Escritorio\2023 ELVIENTODENOVIEMBRE.COM\mitad-movil.jpg
C:\Users\bichi\OneDrive\Escritorio\2023 ELVIENTODENOVIEMBRE.COM\mitad-movil.jpg
C:\Users\bichi\OneDrive\Escritorio\2023 ELVIENTODENOVIEMBRE.COM\mitad-movil2.jpg
C:\Users\bichi\OneDrive\Escritorio\2023 ELVIENTODENOVIEMBRE.COM\mitad-movil.jpg
